WARNING: This is a development server. Do not use it in a production deployment. Use a production WSGI server instead.
 * Running on all addresses (0.0.0.0)
 * Running on http://127.0.0.1:5000
 * Running on http://192.168.1.174:5000
Press CTRL+C to quit
 * Restarting with stat
 * Debugger is active!
 * Debugger PIN: 263-441-309
127.0.0.1 - - [22/Jun/2026 22:02:27] "GET /login HTTP/1.1" 200 -
127.0.0.1 - - [22/Jun/2026 22:02:46] "GET /login HTTP/1.1" 200 -
 * Detected change in 'D:\\projetos\\EcomFans\\tests\\test_metrics.py', reloading
 * Restarting with stat
 * Debugger is active!
 * Debugger PIN: 263-441-309
 * Detected change in 'D:\\projetos\\EcomFans\\db.py', reloading
 * Restarting with stat
 * Debugger is active!
 * Debugger PIN: 263-441-309
 * Detected change in 'D:\\projetos\\EcomFans\\media_storage.py', reloading
 * Restarting with stat
 * Debugger is active!
 * Debugger PIN: 263-441-309
 * Detected change in 'D:\\projetos\\EcomFans\\media.py', reloading
 * Restarting with stat
 * Debugger is active!
 * Debugger PIN: 263-441-309
 * Detected change in 'D:\\projetos\\EcomFans\\app.py', reloading
 * Restarting with stat
 * Debugger is active!
 * Debugger PIN: 263-441-309
 * Detected change in 'D:\\projetos\\EcomFans\\db.py', reloading
 * Restarting with stat
 * Debugger is active!
 * Debugger PIN: 263-441-309
 * Detected change in 'D:\\projetos\\EcomFans\\media_storage.py', reloading
 * Restarting with stat
 * Debugger is active!
 * Debugger PIN: 263-441-309
 * Detected change in 'D:\\projetos\\EcomFans\\media.py', reloading
 * Restarting with stat
 * Debugger is active!
 * Debugger PIN: 263-441-309
 * Detected change in 'D:\\projetos\\EcomFans\\prompts.py', reloading
 * Restarting with stat
 * Debugger is active!
 * Debugger PIN: 263-441-309
 * Detected change in 'D:\\projetos\\EcomFans\\prompts.py', reloading
 * Restarting with stat
 * Debugger is active!
 * Debugger PIN: 263-441-309
 * Detected change in 'D:\\projetos\\EcomFans\\tests\\test_prompts.py', reloading
 * Restarting with stat
 * Debugger is active!
 * Debugger PIN: 263-441-309
 * Detected change in 'D:\\projetos\\EcomFans\\db.py', reloading
 * Restarting with stat
 * Debugger is active!
 * Debugger PIN: 263-441-309
 * Detected change in 'D:\\projetos\\EcomFans\\prompts.py', reloading
 * Restarting with stat
 * Debugger is active!
 * Debugger PIN: 263-441-309
 * Detected change in 'D:\\projetos\\EcomFans\\tests\\test_prompts.py', reloading
 * Restarting with stat
 * Debugger is active!
 * Debugger PIN: 263-441-309
